// Jest Snapshot v1, https://goo.gl/fbAQLP

exports[`EventSection renders correct 1`] = `
<section
  className=" full events"
>
  <div
    className="container"
  >
    <h2>
      name
    </h2>
    <h3
      class="section-tag"
    >
      tag
    </h3>
  </div>
</section>
`;
