// Jest Snapshot v1, https://goo.gl/fbAQLP

exports[`Section renders correct 1`] = `
<div
  className="  undefined section"
/>
`;
