// Jest Snapshot v1, https://goo.gl/fbAQLP

exports[`Footer renders correct 1`] = `
<div>
  <p>
    This is a Footer
  </p>
</div>
`;
