// Jest Snapshot v1, https://goo.gl/fbAQLP

exports[`Header renders correct 1`] = `
<div>
  <p>
    This is a header
  </p>
</div>
`;
