// Jest Snapshot v1, https://goo.gl/fbAQLP

exports[`HeroSection renders correct 1`] = `
<div
  className="  hero section"
/>
`;
