// Jest Snapshot v1, https://goo.gl/fbAQLP

exports[`WhatWeDoSection renders correct 1`] = `
<section
  className=" full WhatWeDo"
>
  <div
    className="container"
  >
    <h2>
      name
    </h2>
    <h3
      className="section-tag"
    >
      tag
    </h3>
    <div
      className="container"
    >
      <div
        className="row justify-content-center features"
      >
        <div
          className="col-sm-6 col-md-5 col-lg-4 item"
        >
          <div
            className="box "
          >
            <svg
              aria-hidden="true"
              className="svg-inline--fa fa-chalkboard fa-w-20 icon"
              data-icon="chalkboard"
              data-prefix="fas"
              focusable="false"
              role="img"
              style={Object {}}
              viewBox="0 0 640 512"
              xmlns="http://www.w3.org/2000/svg"
            >
              <path
                d="M96 64h448v352h64V40c0-22.06-17.94-40-40-40H72C49.94 0 32 17.94 32 40v376h64V64zm528 384H480v-64H288v64H16c-8.84 0-16 7.16-16 16v32c0 8.84 7.16 16 16 16h608c8.84 0 16-7.16 16-16v-32c0-8.84-7.16-16-16-16z"
                fill="currentColor"
                style={Object {}}
              />
            </svg>
            <h4
              className="name"
            >
              Workshops
            </h4>
            <p
              className="description"
            >
              This is one of our ways to provide our members with new skills to further their abilities.
               
            </p>
          </div>
        </div>
        <div
          className="col-sm-6 col-md-5 col-lg-4 item"
        >
          <div
            className="box"
          >
            <svg
              aria-hidden="true"
              className="svg-inline--fa fa-award fa-w-12 icon"
              data-icon="award"
              data-prefix="fas"
              focusable="false"
              role="img"
              style={Object {}}
              viewBox="0 0 384 512"
              xmlns="http://www.w3.org/2000/svg"
            >
              <path
                d="M97.12 362.63c-8.69-8.69-4.16-6.24-25.12-11.85-9.51-2.55-17.87-7.45-25.43-13.32L1.2 448.7c-4.39 10.77 3.81 22.47 15.43 22.03l52.69-2.01L105.56 507c8 8.44 22.04 5.81 26.43-4.96l52.05-127.62c-10.84 6.04-22.87 9.58-35.31 9.58-19.5 0-37.82-7.59-51.61-21.37zM382.8 448.7l-45.37-111.24c-7.56 5.88-15.92 10.77-25.43 13.32-21.07 5.64-16.45 3.18-25.12 11.85-13.79 13.78-32.12 21.37-51.62 21.37-12.44 0-24.47-3.55-35.31-9.58L252 502.04c4.39 10.77 18.44 13.4 26.43 4.96l36.25-38.28 52.69 2.01c11.62.44 19.82-11.27 15.43-22.03zM263 340c15.28-15.55 17.03-14.21 38.79-20.14 13.89-3.79 24.75-14.84 28.47-28.98 7.48-28.4 5.54-24.97 25.95-45.75 10.17-10.35 14.14-25.44 10.42-39.58-7.47-28.38-7.48-24.42 0-52.83 3.72-14.14-.25-29.23-10.42-39.58-20.41-20.78-18.47-17.36-25.95-45.75-3.72-14.14-14.58-25.19-28.47-28.98-27.88-7.61-24.52-5.62-44.95-26.41-10.17-10.35-25-14.4-38.89-10.61-27.87 7.6-23.98 7.61-51.9 0-13.89-3.79-28.72.25-38.89 10.61-20.41 20.78-17.05 18.8-44.94 26.41-13.89 3.79-24.75 14.84-28.47 28.98-7.47 28.39-5.54 24.97-25.95 45.75-10.17 10.35-14.15 25.44-10.42 39.58 7.47 28.36 7.48 24.4 0 52.82-3.72 14.14.25 29.23 10.42 39.59 20.41 20.78 18.47 17.35 25.95 45.75 3.72 14.14 14.58 25.19 28.47 28.98C104.6 325.96 106.27 325 121 340c13.23 13.47 33.84 15.88 49.74 5.82a39.676 39.676 0 0 1 42.53 0c15.89 10.06 36.5 7.65 49.73-5.82zM97.66 175.96c0-53.03 42.24-96.02 94.34-96.02s94.34 42.99 94.34 96.02-42.24 96.02-94.34 96.02-94.34-42.99-94.34-96.02z"
                fill="currentColor"
                style={Object {}}
              />
            </svg>
            <i
              className="fas fa-award icon"
            />
            <h4
              className=" name"
            >
              Competitions
            </h4>
            <p
              className="description"
            >
              From Hackathons to Capture The Flags, we find ways to challenge our members whilst also promoting positive development.
            </p>
          </div>
        </div>
        <div
          className="col-sm-6 col-md-5 col-lg-4 item"
        >
          <div
            className="box"
          >
            <svg
              aria-hidden="true"
              className="svg-inline--fa fa-users fa-w-20 icon"
              data-icon="users"
              data-prefix="fas"
              focusable="false"
              role="img"
              style={Object {}}
              viewBox="0 0 640 512"
              xmlns="http://www.w3.org/2000/svg"
            >
              <path
                d="M96 224c35.3 0 64-28.7 64-64s-28.7-64-64-64-64 28.7-64 64 28.7 64 64 64zm448 0c35.3 0 64-28.7 64-64s-28.7-64-64-64-64 28.7-64 64 28.7 64 64 64zm32 32h-64c-17.6 0-33.5 7.1-45.1 18.6 40.3 22.1 68.9 62 75.1 109.4h66c17.7 0 32-14.3 32-32v-32c0-35.3-28.7-64-64-64zm-256 0c61.9 0 112-50.1 112-112S381.9 32 320 32 208 82.1 208 144s50.1 112 112 112zm76.8 32h-8.3c-20.8 10-43.9 16-68.5 16s-47.6-6-68.5-16h-8.3C179.6 288 128 339.6 128 403.2V432c0 26.5 21.5 48 48 48h288c26.5 0 48-21.5 48-48v-28.8c0-63.6-51.6-115.2-115.2-115.2zm-223.7-13.4C161.5 263.1 145.6 256 128 256H64c-35.3 0-64 28.7-64 64v32c0 17.7 14.3 32 32 32h65.9c6.3-47.4 34.9-87.3 75.2-109.4z"
                fill="currentColor"
                style={Object {}}
              />
            </svg>
            <h4
              className="name"
            >
              Socials 
            </h4>
            <p
              className="description"
            >
              Whether it is a film night or an SU Takeover. We arrange events that are purely social.;
            </p>
          </div>
        </div>
        <div
          className="col-sm-6 col-md-5 col-lg-4 item"
        >
          <div
            className="box"
          >
            <svg
              aria-hidden="true"
              className="svg-inline--fa fa-comment-alt fa-w-16 icon"
              data-icon="comment-alt"
              data-prefix="fas"
              focusable="false"
              role="img"
              style={Object {}}
              viewBox="0 0 512 512"
              xmlns="http://www.w3.org/2000/svg"
            >
              <path
                d="M448 0H64C28.7 0 0 28.7 0 64v288c0 35.3 28.7 64 64 64h96v84c0 9.8 11.2 15.5 19.1 9.7L304 416h144c35.3 0 64-28.7 64-64V64c0-35.3-28.7-64-64-64z"
                fill="currentColor"
                style={Object {}}
              />
            </svg>
            <h4
              className="name"
            >
              Industry Talks 
            </h4>
            <p
              className="description"
            >
              Companies coming in to talk to our members is invaluable. The insight provided to how different companies and individuals operate is critical to the successs of our members
            </p>
          </div>
        </div>
        <div
          className="col-sm-6 col-md-5 col-lg-4 item"
        >
          <div
            className="box"
          >
            <svg
              aria-hidden="true"
              className="svg-inline--fa fa-graduation-cap fa-w-20 icon"
              data-icon="graduation-cap"
              data-prefix="fas"
              focusable="false"
              role="img"
              style={Object {}}
              viewBox="0 0 640 512"
              xmlns="http://www.w3.org/2000/svg"
            >
              <path
                d="M622.34 153.2L343.4 67.5c-15.2-4.67-31.6-4.67-46.79 0L17.66 153.2c-23.54 7.23-23.54 38.36 0 45.59l48.63 14.94c-10.67 13.19-17.23 29.28-17.88 46.9C38.78 266.15 32 276.11 32 288c0 10.78 5.68 19.85 13.86 25.65L20.33 428.53C18.11 438.52 25.71 448 35.94 448h56.11c10.24 0 17.84-9.48 15.62-19.47L82.14 313.65C90.32 307.85 96 298.78 96 288c0-11.57-6.47-21.25-15.66-26.87.76-15.02 8.44-28.3 20.69-36.72L296.6 284.5c9.06 2.78 26.44 6.25 46.79 0l278.95-85.7c23.55-7.24 23.55-38.36 0-45.6zM352.79 315.09c-28.53 8.76-52.84 3.92-65.59 0l-145.02-44.55L128 384c0 35.35 85.96 64 192 64s192-28.65 192-64l-14.18-113.47-145.03 44.56z"
                fill="currentColor"
                style={Object {}}
              />
            </svg>
            <h4
              className="name"
            >
              Academic Support 
            </h4>
            <p
              className="description"
            >
              University can be challenging. We provide support to our members to help them tackle tough topics. This includes teaching non-computer science students the programming know-how they require.
            </p>
          </div>
        </div>
        <div
          className="col-sm-6 col-md-5 col-lg-4 item"
        >
          <div
            className="box"
          >
            <svg
              aria-hidden="true"
              className="svg-inline--fa fa-bus fa-w-16 icon"
              data-icon="bus"
              data-prefix="fas"
              focusable="false"
              role="img"
              style={Object {}}
              viewBox="0 0 512 512"
              xmlns="http://www.w3.org/2000/svg"
            >
              <path
                d="M488 128h-8V80c0-44.8-99.2-80-224-80S32 35.2 32 80v48h-8c-13.25 0-24 10.74-24 24v80c0 13.25 10.75 24 24 24h8v160c0 17.67 14.33 32 32 32v32c0 17.67 14.33 32 32 32h32c17.67 0 32-14.33 32-32v-32h192v32c0 17.67 14.33 32 32 32h32c17.67 0 32-14.33 32-32v-32h6.4c16 0 25.6-12.8 25.6-25.6V256h8c13.25 0 24-10.75 24-24v-80c0-13.26-10.75-24-24-24zM112 400c-17.67 0-32-14.33-32-32s14.33-32 32-32 32 14.33 32 32-14.33 32-32 32zm16-112c-17.67 0-32-14.33-32-32V128c0-17.67 14.33-32 32-32h256c17.67 0 32 14.33 32 32v128c0 17.67-14.33 32-32 32H128zm272 112c-17.67 0-32-14.33-32-32s14.33-32 32-32 32 14.33 32 32-14.33 32-32 32z"
                fill="currentColor"
                style={Object {}}
              />
            </svg>
            <h4
              className="name"
            >
              Trips
            </h4>
            <p
              className="description"
            >
              Computer Science is a broad field. To cater to this we provide opportunities to go on a range of trips such as: 
              <em>
                networking events, conventions, museums 
              </em>
              and more!
            </p>
          </div>
        </div>
      </div>
    </div>
  </div>
</section>
`;
