// Jest Snapshot v1, https://goo.gl/fbAQLP

exports[`HeroSection renders correct 1`] = `
<div
  className=" full hero section"
>
  <h1>
    Hero Name
  </h1>
  <p>
    Tagline
  </p>
</div>
`;
